--------
--------
--------
---BW---
---WB---
--------
--------
--------
--------
-B------
--------
---BW---
---WB---
--------
--------
--------
--------
-B------
--W-----
---BW---
---WB---
--------
--------
--------
--------
-B------
--W-----
---BW---
---WB---
-----B--
--------
--------
--------
-B------
--W-----
---BW--W
---WB---
-----B--
--------
--------
--------
-B------
--W-----
---BW--W
---WB---
-----B--
-B------
--------
--------
-B------
--W-----
---BW--W
---WB---
-----B-W
-B------
--------
--------
-B------
--W-----
---BW--W
---WB---
-----B-W
-B------
B-------
-----W--
-B------
--W-----
---BW--W
---WB---
-----B-W
-B------
B-------
---B-W--
-B------
--W-----
---BW--W
---WB---
-----B-W
-B------
B-------
---B-W--
-B------
--W-----
---BW--W
---WWW--
-----B-W
-B------
B-------
---B-W--
-B------
--W-----
---BW--W
---WWW--
-----BBW
-B------
B-------
