------
------
--BW--
--WB--
------
------
------
-B----
--BW--
--WB--
------
------
------
-B--W-
--BW--
--WB--
------
------
------
-B--W-
--BW--
-BBB--
------
------
------
-B--W-
--BW--
-BBW--
---W--
------
------
-B--W-
--BW--
-BBW--
--BW--
------
------
-B--W-
--BW--
-BWW--
-WWW--
------
------
-B--W-
--BW--
-BBBB-
-WWW--
------
------
-B--W-
-WWW--
-WWBB-
-WWW--
------
------
-B--W-
-WWW--
-WWBB-
-WWW-B
------
------
-B--W-
-WWW--
-WWBB-
-WWW-B
--W---
------
-B--W-
-WWW--
-WWBB-
-WWW-B
--W--B
------
-B-WW-
-WWW--
-WWBB-
-WWW-B
--W--B
------
-B-WW-
-WWW--
-WWBB-
-WWB-B
--WB-B
------
-BWWW-
-WWW--
-WWBB-
-WWB-B
--WB-B
------
-BWWW-
-WWW--
-WWBB-
BBBB-B
--WB-B
-W----
-WWWW-
-WWW--
-WWBB-
BBBB-B
--WB-B
-W----
-WWWW-
-WWW--
-WWBBB
BBBB-B
--WB-B
-W----
-WWWW-
-WWW--
-WWWBB
BBBBWB
--WB-B
-W----
-WWWW-
-WWW--
BBBBBB
BBBBWB
--WB-B
-W----
-WWWW-
-WWW--
BWBBBB
BWBBWB
-WWB-B
-W-B--
-WBBW-
-BWB--
BWBBBB
BWBBWB
-WWB-B
-W-B--
-WBBW-
-BWB-W
BWBBWB
BWBWWB
-WWB-B
-W-B--
-WBBW-
BBWB-W
BBBBWB
BWBWWB
-WWB-B
-WWB--
-WWBW-
BBWB-W
BBBBWB
BWBWWB
-WWB-B
-WWB--
-WWBW-
BBWBBW
BBBBWB
BWBWWB
-WWB-B
-WWB--
-WWBW-
BBWBBW
BBBBWB
BWBWWB
WWWB-B
-WWB--
BBBBW-
BBWBBW
BBBBWB
BWBWWB
WWWB-B
-WWWW-
BBBWW-
BBWBBW
BBBBWB
BWBWWB
WWWB-B
-WWWW-
BBBBBB
BBWBBB
BBBBWB
BWBWWB
WWWB-B
-WWWWW
BBBBWB
BBWWBB
BBWBWB
BWBWWB
WWWB-B
-WWWWW
BBBBWB
BBWWBB
BBBBBB
BWBBBB
WWWBBB
WWWWWW
WWBBWB
WBWWBB
WBBBBB
WWBBBB
WWWBBB
Tie!
